// Jest Snapshot v1, https://goo.gl/fbAQLP

exports[`renders homepage unchanged 1`] = `
<div>
  <div
    class=""
  >
    <main
      class="flex min-h-screen w-full items-center justify-center"
    >
      <h1
        class="text-3xl font-bold underline"
      >
        Hello world!
      </h1>
    </main>
  </div>
</div>
`;
